./BritanniaHeightMap2-1024x1024.jpg: JPEG image data, JFIF standard 1.01, resolution (DPI), density 200x200, segment length 16, baseline, precision 8, 1024x1024, frames 3
./island-03-423x378.jpg: JPEG image data, JFIF standard 1.01, aspect ratio, density 1x1, segment length 16, comment: "CREATOR: gd-jpeg v1.0 (using IJG JPEG v62), quality = 100", baseline, precision 8, 423x378, frames 3
./volcano-02.jpg: JPEG image data, JFIF standard 1.01, aspect ratio, density 1x1, segment length 16, baseline, precision 8, 225x225, frames 3
./sql-ru-640x480.jpg: JPEG image data, JFIF standard 1.01, resolution (DPI), density 96x96, segment length 16, baseline, precision 8, 640x480, frames 3
./volcano-03-225x225.jpg: JPEG image data, JFIF standard 1.01, aspect ratio, density 1x1, segment length 16, baseline, precision 8, 225x225, frames 3
./cloud-2048x2048.jpg: JPEG image data, baseline, precision 8, 2048x2048, frames 3
./landscape-01-224x225.jpg: JPEG image data, JFIF standard 1.01, aspect ratio, density 1x1, segment length 16, baseline, precision 8, 224x225, frames 3
./cape-512x512.jpg: JPEG image data, JFIF standard 1.01, resolution (DPI), density 97x97, segment length 16, progressive, precision 8, 512x512, frames 1
